
Map of Debug\eps_stm8.sm8 from link file Debug\eps_stm8.lkf - Mon Sep 16 20:59:19 2019


                               --------
                               Segments
                               --------

start 00008080 end 00008099 length    25 segment .const
start 0000809c end 000094a5 length  5129 segment .text
start 00001000 end 00001000 length     0 segment .eeprom
start 00000000 end 00000000 length     0 segment .bsct
start 00000000 end 0000000a length    10 segment .ubsct
start 0000000a end 0000000a length     0 segment .bit
start 0000000a end 0000000a length     0 segment .share
start 00000100 end 00000100 length     0 segment .data
start 00000100 end 00000100 length     0 segment .bss
start 00000000 end 00001378 length  4984 segment .info.
start 00000000 end 0002696c length 158060 segment .debug
start 00008000 end 00008080 length   128 segment .const
start 00008099 end 0000809c length     3 segment .init


                               -------
                               Modules
                               -------

d:\Program Files (x86)\COSMIC\CXSTM8_EVAL\lib\crtsi0.sm8:
start 0000809c end 000080e7 length    75 section .text
start 00000100 end 00000100 length     0 section .bss
start 00000000 end 00000000 length     0 section .ubsct
start 00000000 end 00000030 length    48 section .info.

Debug\sw.o:
start 000080e7 end 000084b8 length   977 section .text
start 00000000 end 0000052c length  1324 section .debug
start 00000030 end 0000009b length   107 section .info.
start 00008080 end 00008088 length     8 section .const

Debug\i2c.o:
start 000084b8 end 000085c4 length   268 section .text
start 0000052c end 00000761 length   565 section .debug
start 0000009b end 00000107 length   108 section .info.

Debug\stm8l15x_wwdg.o:
start ******** end ******** length     0 section .text *** removed ***
start 00000761 end 00000a24 length   707 section .debug
start 00000107 end 0000017d length   118 section .info.

Debug\stm8l15x_wfe.o:
start ******** end ******** length     0 section .text *** removed ***
start 00000a24 end 00001103 length  1759 section .debug
start 0000017d end 000001f2 length   117 section .info.

Debug\stm8l15x_usart.o:
start ******** end ******** length     0 section .text *** removed ***
start 00001103 end 000028e0 length  6109 section .debug
start 000001f2 end 00000269 length   119 section .info.

Debug\stm8l15x_tim5.o:
start ******** end ******** length     0 section .text *** removed ***
start 000028e0 end 00005c83 length 13219 section .debug
start 00000269 end 000002df length   118 section .info.

Debug\stm8l15x_tim4.o:
start ******** end ******** length     0 section .text *** removed ***
start 00005c83 end 00006f24 length  4769 section .debug
start 000002df end 00000355 length   118 section .info.

Debug\stm8l15x_tim3.o:
start ******** end ******** length     0 section .text *** removed ***
start 00006f24 end 0000a2c7 length 13219 section .debug
start 00000355 end 000003cb length   118 section .info.

Debug\stm8l15x_tim2.o:
start ******** end ******** length     0 section .text *** removed ***
start 0000a2c7 end 0000d66a length 13219 section .debug
start 000003cb end 00000441 length   118 section .info.

Debug\stm8l15x_tim1.o:
start ******** end ******** length     0 section .text *** removed ***
start 0000d66a end 00012380 length 19734 section .debug
start 00000441 end 000004b7 length   118 section .info.

Debug\stm8l15x_syscfg.o:
start ******** end ******** length     0 section .text *** removed ***
start 00012380 end 000137c7 length  5191 section .debug
start 000004b7 end 0000052f length   120 section .info.

Debug\stm8l15x_spi.o:
start ******** end ******** length     0 section .text *** removed ***
start 000137c7 end 00014b11 length  4938 section .debug
start 0000052f end 000005a4 length   117 section .info.

Debug\stm8l15x_rtc.o:
start ******** end ******** length     0 section .text *** removed ***
start 00014b11 end 000179b4 length 11939 section .debug
start 000005a4 end 00000619 length   117 section .info.

Debug\stm8l15x_rst.o:
start ******** end ******** length     0 section .text *** removed ***
start 000179b4 end 00017c49 length   661 section .debug
start 00000619 end 0000068e length   117 section .info.

Debug\stm8l15x_pwr.o:
start ******** end ******** length     0 section .text *** removed ***
start 00017c49 end 000182e1 length  1688 section .debug
start 0000068e end 00000703 length   117 section .info.

Debug\stm8l15x_lcd.o:
start ******** end ******** length     0 section .text *** removed ***
start 000182e1 end 00019b08 length  6183 section .debug
start 00000703 end 00000778 length   117 section .info.

Debug\stm8l15x_iwdg.o:
start ******** end ******** length     0 section .text *** removed ***
start 00019b08 end 00019ead length   933 section .debug
start 00000778 end 000007ee length   118 section .info.

Debug\stm8l15x_itc.o:
start ******** end ******** length     0 section .text *** removed ***
start 00019ead end 0001a59f length  1778 section .debug
start 000007ee end 00000863 length   117 section .info.
start ******** end ******** length     0 section .const *** removed ***

Debug\stm8l15x_irtim.o:
start ******** end ******** length     0 section .text *** removed ***
start 0001a59f end 0001a7fa length   603 section .debug
start 00000863 end 000008da length   119 section .info.

Debug\stm8l15x_i2c.o:
start 000085c4 end 00008a90 length  1228 section .text
start 0001a7fa end 0001cc48 length  9294 section .debug
start 000008da end 0000094f length   117 section .info.
start 00008088 end 00008094 length    12 section .const

Debug\stm8l15x_gpio.o:
start 00008a90 end 00008b5c length   204 section .text
start 0001cc48 end 0001d789 length  2881 section .debug
start 0000094f end 000009c5 length   118 section .info.

Debug\stm8l15x_flash.o:
start ******** end ******** length     0 section .text *** removed ***
start 0001d789 end 0001e674 length  3819 section .debug
start 000009c5 end 00000a3c length   119 section .info.

Debug\stm8l15x_exti.o:
start ******** end ******** length     0 section .text *** removed ***
start 0001e674 end 0001f1d2 length  2910 section .debug
start 00000a3c end 00000ab2 length   118 section .info.

Debug\stm8l15x_dma.o:
start 00008b5c end 00008d51 length   501 section .text
start 0001f1d2 end 0002022a length  4184 section .debug
start 00000ab2 end 00000b27 length   117 section .info.

Debug\stm8l15x_dac.o:
start ******** end ******** length     0 section .text *** removed ***
start 0002022a end 000215d2 length  5032 section .debug
start 00000b27 end 00000b9c length   117 section .info.

Debug\stm8l15x_comp.o:
start ******** end ******** length     0 section .text *** removed ***
start 000215d2 end 000222d6 length  3332 section .debug
start 00000b9c end 00000c12 length   118 section .info.

Debug\stm8l15x_clk.o:
start 00008d51 end 000090ae length   861 section .text
start 000222d6 end 00023cb5 length  6623 section .debug
start 00000c12 end 00000c87 length   117 section .info.
start 00008094 end 00008099 length     5 section .const

Debug\stm8l15x_beep.o:
start ******** end ******** length     0 section .text *** removed ***
start 00023cb5 end 00024006 length   849 section .debug
start 00000c87 end 00000cfd length   118 section .info.
start ******** end ******** length     0 section .const *** removed ***

Debug\stm8l15x_aes.o:
start ******** end ******** length     0 section .text *** removed ***
start 00024006 end 00024819 length  2067 section .debug
start 00000cfd end 00000d72 length   117 section .info.

Debug\stm8l15x_adc.o:
start ******** end ******** length     0 section .text *** removed ***
start 00024819 end 00026753 length  7994 section .debug
start 00000d72 end 00000de7 length   117 section .info.

Debug\main.o:
start 000090ae end 000090ba length    12 section .text
start 00026753 end 00026801 length   174 section .debug
start 00000de7 end 00000e54 length   109 section .info.

(d:\Program Files (x86)\COSMIC\CXSTM8_EVAL\lib\libm0.sm8)cmulx.o:
start ******** end ******** length     0 section .text *** removed ***
start 00000e54 end 00000e84 length    48 section .info.

(d:\Program Files (x86)\COSMIC\CXSTM8_EVAL\lib\libm0.sm8)fmul.o:
start 000090ba end 0000918f length   213 section .text
start 00000e84 end 00000eb3 length    47 section .info.

(d:\Program Files (x86)\COSMIC\CXSTM8_EVAL\lib\libm0.sm8)ftol.o:
start 0000918f end 000091f1 length    98 section .text
start 00000eb3 end 00000ee2 length    47 section .info.

(d:\Program Files (x86)\COSMIC\CXSTM8_EVAL\lib\libm0.sm8)imul.o:
start ******** end ******** length     0 section .text *** removed ***
start 00000ee2 end 00000f11 length    47 section .info.

(d:\Program Files (x86)\COSMIC\CXSTM8_EVAL\lib\libm0.sm8)itof.o:
start 000091f1 end 0000921f length    46 section .text
start 00000f11 end 00000f40 length    47 section .info.

(d:\Program Files (x86)\COSMIC\CXSTM8_EVAL\lib\libm0.sm8)ladd.o:
start ******** end ******** length     0 section .text *** removed ***
start 00000f40 end 00000f6f length    47 section .info.

(d:\Program Files (x86)\COSMIC\CXSTM8_EVAL\lib\libm0.sm8)lcmp.o:
start 0000921f end 0000923f length    32 section .text
start 00000f6f end 00000f9e length    47 section .info.

(d:\Program Files (x86)\COSMIC\CXSTM8_EVAL\lib\libm0.sm8)lgadd.o:
start ******** end ******** length     0 section .text *** removed ***
start 00000f9e end 00000fce length    48 section .info.

(d:\Program Files (x86)\COSMIC\CXSTM8_EVAL\lib\libm0.sm8)lmul.o:
start 0000923f end 000092ca length   139 section .text
start 00000fce end 00000ffd length    47 section .info.

(d:\Program Files (x86)\COSMIC\CXSTM8_EVAL\lib\libm0.sm8)lreg.o:
start 00000000 end 00000004 length     4 section .ubsct
start 00000ffd end 0000102c length    47 section .info.

(d:\Program Files (x86)\COSMIC\CXSTM8_EVAL\lib\libm0.sm8)ltor.o:
start 000092ca end 000092dc length    18 section .text
start 0000102c end 0000105b length    47 section .info.

(d:\Program Files (x86)\COSMIC\CXSTM8_EVAL\lib\libm0.sm8)ludiv.o:
start 000092dc end 000092f0 length    20 section .text
start 0000105b end 0000108b length    48 section .info.

(d:\Program Files (x86)\COSMIC\CXSTM8_EVAL\lib\libm0.sm8)ldiv.o:
start 000092f0 end 000093db length   235 section .text
start 0000108b end 000010ba length    47 section .info.

(d:\Program Files (x86)\COSMIC\CXSTM8_EVAL\lib\libm0.sm8)lgneg.o:
start 000093db end 000093ee length    19 section .text
start 000010ba end 000010ea length    48 section .info.

(d:\Program Files (x86)\COSMIC\CXSTM8_EVAL\lib\libm0.sm8)lneg.o:
start 000093ee end 00009403 length    21 section .text
start 000010ea end 00001119 length    47 section .info.

(d:\Program Files (x86)\COSMIC\CXSTM8_EVAL\lib\libm0.sm8)lursh.o:
start ******** end ******** length     0 section .text *** removed ***
start 00001119 end 00001149 length    48 section .info.

(d:\Program Files (x86)\COSMIC\CXSTM8_EVAL\lib\libm0.sm8)lzmp.o:
start 00009403 end 00009416 length    19 section .text
start 00001149 end 00001178 length    47 section .info.

(d:\Program Files (x86)\COSMIC\CXSTM8_EVAL\lib\libm0.sm8)rtol.o:
start 00009416 end 00009428 length    18 section .text
start 00001178 end 000011a7 length    47 section .info.

(d:\Program Files (x86)\COSMIC\CXSTM8_EVAL\lib\libm0.sm8)sdivx.o:
start 00009428 end 00009453 length    43 section .text
start 000011a7 end 000011d7 length    48 section .info.

(d:\Program Files (x86)\COSMIC\CXSTM8_EVAL\lib\libm0.sm8)smul.o:
start 00009453 end 00009492 length    63 section .text
start 000011d7 end 00001206 length    47 section .info.

(d:\Program Files (x86)\COSMIC\CXSTM8_EVAL\lib\libm0.sm8)utol.o:
start 00009492 end 0000949d length    11 section .text
start 00001206 end 00001235 length    47 section .info.

(d:\Program Files (x86)\COSMIC\CXSTM8_EVAL\lib\libm0.sm8)utolx.o:
start 0000949d end 000094a4 length     7 section .text
start 00001235 end 00001265 length    48 section .info.

(d:\Program Files (x86)\COSMIC\CXSTM8_EVAL\lib\libm0.sm8)xreg.o:
start 00000004 end 00000007 length     3 section .ubsct
start 00001265 end 00001294 length    47 section .info.

(d:\Program Files (x86)\COSMIC\CXSTM8_EVAL\lib\libm0.sm8)yreg.o:
start 00000007 end 0000000a length     3 section .ubsct
start 00001294 end 000012c3 length    47 section .info.

Debug\stm8_interrupt_vector.o:
start 000094a4 end 000094a5 length     1 section .text
start 00026801 end 0002696c length   363 section .debug
start 000012c3 end 00001341 length   126 section .info.
start 00008000 end 00008080 length   128 section .const


                             -----------
                             Stack usage
                             -----------

Debug\i2c.o:
_I2C_DMA_RX_IRQHandler               >    2   (2)
_I2C_DMA_TX_IRQHandler               >    2   (2)
_I2C_LowLevel_DMAConfig              >   23   (7)
_I2C_LowLevel_DeInit                      8   (2)
_I2C_LowLevel_Init                       18   (2)

Debug\main.o:
_main                                >   17   (2)

Debug\stm8_interrupt_vector.o:
f_NonHandledInterrupt                >    6   (6)

Debug\stm8l15x_clk.o:
_CLK_AdjustHSICalibrationValue       >    2   (2)
_CLK_BEEPClockConfig                 >    2   (2)
_CLK_CCOConfig                       >    4   (4)
_CLK_ClearFlag                       >    2   (2)
_CLK_ClearITPendingBit               >    2   (2)
_CLK_ClockSecuritySystemEnable       >    2   (2)
_CLK_ClockSecuritySytemDeglitchCmd   >    2   (2)
_CLK_DeInit                          >    2   (2)
_CLK_GetClockFreq                        25   (11)
_CLK_GetFlagStatus                   >    5   (5)
_CLK_GetITStatus                     >    4   (4)
_CLK_GetSYSCLKSource                 >    2   (2)
_CLK_HSEConfig                       >    2   (2)
_CLK_HSICmd                          >    2   (2)
_CLK_HaltConfig                      >    4   (4)
_CLK_ITConfig                        >    4   (4)
_CLK_LSEClockSecuritySystemEnable    >    2   (2)
_CLK_LSEConfig                       >    2   (2)
_CLK_LSICmd                          >    2   (2)
_CLK_MainRegulatorCmd                >    2   (2)
_CLK_PeripheralClockConfig                5   (5)
_CLK_RTCCLKSwitchOnLSEFailureEnable  >    2   (2)
_CLK_RTCClockConfig                  >    4   (4)
_CLK_SYSCLKDivConfig                 >    2   (2)
_CLK_SYSCLKSourceConfig              >    2   (2)
_CLK_SYSCLKSourceSwitchCmd           >    2   (2)

Debug\stm8l15x_dma.o:
_DMA_ClearFlag                       >    6   (6)
_DMA_ClearITPendingBit               >    5   (5)
_DMA_Cmd                                  5   (5)
_DMA_DeInit                               4   (4)
_DMA_GetCurrDataCounter              >    2   (2)
_DMA_GetFlagStatus                   >    8   (8)
_DMA_GetITStatus                     >    7   (7)
_DMA_GlobalCmd                       >    2   (2)
_DMA_GlobalDeInit                    >    2   (2)
_DMA_ITConfig                             6   (6)
_DMA_Init                                16   (16)
_DMA_SetCurrDataCounter              >    5   (5)
_DMA_SetTimeOut                      >    2   (2)

Debug\stm8l15x_gpio.o:
_GPIO_DeInit                         >    2   (2)
_GPIO_ExternalPullUpConfig           >    6   (6)
_GPIO_Init                                6   (6)
_GPIO_ReadInputData                  >    2   (2)
_GPIO_ReadInputDataBit               >    5   (5)
_GPIO_ReadOutputData                 >    2   (2)
_GPIO_ReadOutputDataBit              >    5   (5)
_GPIO_ResetBits                      >    5   (5)
_GPIO_SetBits                        >    5   (5)
_GPIO_ToggleBits                     >    5   (5)
_GPIO_Write                          >    5   (5)
_GPIO_WriteBit                       >    6   (6)

Debug\stm8l15x_i2c.o:
_I2C_ARPCmd                          >    5   (5)
_I2C_AckPositionConfig               >    5   (5)
_I2C_AcknowledgeConfig                    5   (5)
_I2C_CalculatePEC                    >    5   (5)
_I2C_CheckEvent                          12   (12)
_I2C_ClearFlag                       >    8   (8)
_I2C_ClearITPendingBit               >    8   (8)
_I2C_Cmd                                  5   (5)
_I2C_DMACmd                               5   (5)
_I2C_DMALastTransferCmd              >    5   (5)
_I2C_DeInit                               2   (2)
_I2C_DualAddressCmd                  >    5   (5)
_I2C_FastModeDutyCycleConfig         >    5   (5)
_I2C_GeneralCallCmd                  >    5   (5)
_I2C_GenerateSTART                        5   (5)
_I2C_GenerateSTOP                         5   (5)
_I2C_GetFlagStatus                        8   (8)
_I2C_GetITStatus                     >   10   (10)
_I2C_GetLastEvent                    >   10   (10)
_I2C_GetPEC                          >    2   (2)
_I2C_ITConfig                        >    7   (7)
_I2C_Init                                51   (26)
_I2C_OwnAddress2Config               >    6   (6)
_I2C_PECPositionConfig               >    5   (5)
_I2C_ReadRegister                    >    9   (9)
_I2C_ReceiveData                          2   (2)
_I2C_SMBusAlertConfig                >    5   (5)
_I2C_Send7bitAddress                      6   (6)
_I2C_SendData                             5   (5)
_I2C_SoftwareResetCmd                >    5   (5)
_I2C_StretchClockCmd                 >    5   (5)
_I2C_TransmitPEC                     >    5   (5)

Debug\sw.o:
_sw_DeInit                           >   10   (2)
_sw_Init                             >   53   (2)
_sw_QuickCmd                             15   (3)
_sw_ReadCurrent                      >   21   (9)
_sw_ReadStatus                       >   17   (5)
_sw_ReadVoltCurr                     >   22   (10)
_sw_ReadVoltage                      >   21   (9)
_sw_WriteCmdByte                     >   16   (4)
_sw_WriteExtCmdByte                  >   17   (5)

Stack size: 59


                              ---------
                              Call tree
                              ---------
   1 > _CLK_AdjustHSICalibrationValue: (2)

   2 > _CLK_BEEPClockConfig: (2)

   3 > _CLK_CCOConfig: (4)

   4 > _CLK_ClearFlag: (2)

   5 > _CLK_ClearITPendingBit: (2)

   6 > _CLK_ClockSecuritySystemEnable: (2)

   7 > _CLK_ClockSecuritySytemDeglitchCmd: (2)

   8 > _CLK_DeInit: (2)

   9 > _CLK_GetFlagStatus: (5)

  10 > _CLK_GetITStatus: (4)

  11 > _CLK_GetSYSCLKSource: (2)

  12 > _CLK_HSEConfig: (2)

  13 > _CLK_HSICmd: (2)

  14 > _CLK_HaltConfig: (4)

  15 > _CLK_ITConfig: (4)

  16 > _CLK_LSEClockSecuritySystemEnable: (2)

  17 > _CLK_LSEConfig: (2)

  18 > _CLK_LSICmd: (2)

  19 > _CLK_MainRegulatorCmd: (2)

  20 > _CLK_RTCCLKSwitchOnLSEFailureEnable: (2)

  21 > _CLK_RTCClockConfig: (4)

  22 > _CLK_SYSCLKDivConfig: (2)

  23 > _CLK_SYSCLKSourceConfig: (2)

  24 > _CLK_SYSCLKSourceSwitchCmd: (2)

  25 > _DMA_ClearFlag: (6)

  26 > _DMA_ClearITPendingBit: (5)

  27 > _DMA_GetCurrDataCounter: (2)

  28 > _DMA_GetFlagStatus: (8)

  29 > _DMA_GetITStatus: (7)

  30 > _DMA_GlobalCmd: (2)

  31 > _DMA_GlobalDeInit: (2)

  32 > _DMA_SetCurrDataCounter: (5)

  33 > _DMA_SetTimeOut: (2)

  34 > _GPIO_DeInit: (2)

  35 > _GPIO_ExternalPullUpConfig: (6)

  36 > _GPIO_ReadInputData: (2)

  37 > _GPIO_ReadInputDataBit: (5)

  38 > _GPIO_ReadOutputData: (2)

  39 > _GPIO_ReadOutputDataBit: (5)

  40 > _GPIO_ResetBits: (5)

  41 > _GPIO_SetBits: (5)

  42 > _GPIO_ToggleBits: (5)

  43 > _GPIO_Write: (5)

  44 > _GPIO_WriteBit: (6)

  45 > _I2C_ARPCmd: (5)

  46 > _I2C_AckPositionConfig: (5)

  47 > _I2C_CalculatePEC: (5)

  48 > _I2C_ClearFlag: (8)

  49 > _I2C_ClearITPendingBit: (8)

  50 > _I2C_DMALastTransferCmd: (5)

  51 > _I2C_DMA_RX_IRQHandler: (2)

  52 > _I2C_DMA_TX_IRQHandler: (2)

  53 > _I2C_DualAddressCmd: (5)

  54 > _I2C_FastModeDutyCycleConfig: (5)

  55 > _I2C_GeneralCallCmd: (5)

  56 > _I2C_GetITStatus: (10)

  57 > _I2C_GetLastEvent: (10)

  58 > _I2C_GetPEC: (2)

  59 > _I2C_ITConfig: (7)

  60 > _I2C_LowLevel_DMAConfig: (7)
  61      + _DMA_ITConfig: (6)
  62      + _DMA_Init: (16)
       
  63 > _I2C_OwnAddress2Config: (6)

  64 > _I2C_PECPositionConfig: (5)

  65 > _I2C_ReadRegister: (9)

  66 > _I2C_SMBusAlertConfig: (5)

  67 > _I2C_SoftwareResetCmd: (5)

  68 > _I2C_StretchClockCmd: (5)

  69 > _I2C_TransmitPEC: (5)

  70 > __stext: (0)

  71 > _main: (2)
  72      + _sw_QuickCmd: (3)
  73      |    + _I2C_CheckEvent: (12)
  74      |    + _I2C_GenerateSTART: (5)
  75      |    + _I2C_GenerateSTOP: (5)
  76      |    + _I2C_Send7bitAddress: (6)
          | 
       
  77 > _sw_DeInit: (2)
  78      + _I2C_LowLevel_DeInit: (2)
  79      |    + _CLK_PeripheralClockConfig: (5)
  80      |    + _DMA_Cmd: (5)
  81      |    + _DMA_DeInit: (4)
  82      |    + _GPIO_Init: (6)
  83      |    + _I2C_Cmd: (5)
  84      |    + _I2C_DeInit: (2)
          | 
       
  85 > _sw_Init: (2)
  86      + _I2C_Cmd --> 83
  87      + _I2C_DMACmd: (5)
  88      + _I2C_Init: (26)
  89      |    + _CLK_GetClockFreq: (11)
          | 
  90      + _I2C_LowLevel_Init: (2)
  91      |    + _CLK_PeripheralClockConfig --> 79
  92      |    + _DMA_DeInit --> 81
  93      |    + _DMA_Init --> 62
          | 
       
  94 > _sw_ReadCurrent: (9)
  95      + _I2C_AcknowledgeConfig: (5)
  96      + _I2C_CheckEvent --> 73
  97      + _I2C_GenerateSTART --> 74
  98      + _I2C_GenerateSTOP --> 75
  99      + _I2C_GetFlagStatus: (8)
 100      + _I2C_ReceiveData: (2)
 101      + _I2C_Send7bitAddress --> 76
       
 102 > _sw_ReadStatus: (5)
 103      + _I2C_CheckEvent --> 73
 104      + _I2C_GenerateSTART --> 74
 105      + _I2C_GetFlagStatus --> 99
 106      + _I2C_ReceiveData --> 100
 107      + _I2C_Send7bitAddress --> 76
       
 108 > _sw_ReadVoltCurr: (10)
 109      + _I2C_AcknowledgeConfig --> 95
 110      + _I2C_CheckEvent --> 73
 111      + _I2C_GenerateSTART --> 74
 112      + _I2C_GenerateSTOP --> 75
 113      + _I2C_GetFlagStatus --> 99
 114      + _I2C_ReceiveData --> 100
 115      + _I2C_Send7bitAddress --> 76
       
 116 > _sw_ReadVoltage: (9)
 117      + _I2C_AcknowledgeConfig --> 95
 118      + _I2C_CheckEvent --> 73
 119      + _I2C_GenerateSTART --> 74
 120      + _I2C_GenerateSTOP --> 75
 121      + _I2C_GetFlagStatus --> 99
 122      + _I2C_ReceiveData --> 100
 123      + _I2C_Send7bitAddress --> 76
       
 124 > _sw_WriteCmdByte: (4)
 125      + _I2C_CheckEvent --> 73
 126      + _I2C_GenerateSTART --> 74
 127      + _I2C_GenerateSTOP --> 75
 128      + _I2C_Send7bitAddress --> 76
 129      + _I2C_SendData: (5)
       
 130 > _sw_WriteExtCmdByte: (5)
 131      + _I2C_CheckEvent --> 73
 132      + _I2C_GenerateSTART --> 74
 133      + _I2C_GenerateSTOP --> 75
 134      + _I2C_Send7bitAddress --> 76
 135      + _I2C_SendData --> 129
       
 136 > f_NonHandledInterrupt: (6)

 137   _CLK_GetClockFreq --> 89

 138   _CLK_PeripheralClockConfig --> 79

 139   _DMA_Cmd --> 80

 140   _DMA_DeInit --> 81

 141   _DMA_ITConfig --> 61

 142   _DMA_Init --> 62

 143   _GPIO_Init --> 82

 144   _I2C_AcknowledgeConfig --> 95

 145   _I2C_CheckEvent --> 73

 146   _I2C_Cmd --> 83

 147   _I2C_DMACmd --> 87

 148   _I2C_DeInit --> 84

 149   _I2C_GenerateSTART --> 74

 150   _I2C_GenerateSTOP --> 75

 151   _I2C_GetFlagStatus --> 99

 152   _I2C_Init --> 88

 153   _I2C_LowLevel_DeInit --> 78

 154   _I2C_LowLevel_Init --> 90

 155   _I2C_ReceiveData --> 100

 156   _I2C_Send7bitAddress --> 76

 157   _I2C_SendData --> 129

 158   _sw_QuickCmd --> 72



                               -------
                               Symbols
                               -------

_ADC_AnalogWatchdogChannelSelect      ********   *** removed from Debug\stm8l15x_adc.o ***
_ADC_AnalogWatchdogConfig             ********   *** removed from Debug\stm8l15x_adc.o ***
_ADC_AnalogWatchdogThresholdsConfig   ********   *** removed from Debug\stm8l15x_adc.o ***
_ADC_ChannelCmd                       ********   *** removed from Debug\stm8l15x_adc.o ***
_ADC_ClearFlag                        ********   *** removed from Debug\stm8l15x_adc.o ***
_ADC_ClearITPendingBit                ********   *** removed from Debug\stm8l15x_adc.o ***
_ADC_Cmd                              ********   *** removed from Debug\stm8l15x_adc.o ***
_ADC_DMACmd                           ********   *** removed from Debug\stm8l15x_adc.o ***
_ADC_DeInit                           ********   *** removed from Debug\stm8l15x_adc.o ***
_ADC_ExternalTrigConfig               ********   *** removed from Debug\stm8l15x_adc.o ***
_ADC_GetConversionValue               ********   *** removed from Debug\stm8l15x_adc.o ***
_ADC_GetFlagStatus                    ********   *** removed from Debug\stm8l15x_adc.o ***
_ADC_GetITStatus                      ********   *** removed from Debug\stm8l15x_adc.o ***
_ADC_ITConfig                         ********   *** removed from Debug\stm8l15x_adc.o ***
_ADC_Init                             ********   *** removed from Debug\stm8l15x_adc.o ***
_ADC_SamplingTimeConfig               ********   *** removed from Debug\stm8l15x_adc.o ***
_ADC_SchmittTriggerConfig             ********   *** removed from Debug\stm8l15x_adc.o ***
_ADC_SoftwareStartConv                ********   *** removed from Debug\stm8l15x_adc.o ***
_ADC_TempSensorCmd                    ********   *** removed from Debug\stm8l15x_adc.o ***
_ADC_VrefintCmd                       ********   *** removed from Debug\stm8l15x_adc.o ***
_AES_ClearFlag                        ********   *** removed from Debug\stm8l15x_aes.o ***
_AES_ClearITPendingBit                ********   *** removed from Debug\stm8l15x_aes.o ***
_AES_Cmd                              ********   *** removed from Debug\stm8l15x_aes.o ***
_AES_DMAConfig                        ********   *** removed from Debug\stm8l15x_aes.o ***
_AES_DeInit                           ********   *** removed from Debug\stm8l15x_aes.o ***
_AES_GetFlagStatus                    ********   *** removed from Debug\stm8l15x_aes.o ***
_AES_GetITStatus                      ********   *** removed from Debug\stm8l15x_aes.o ***
_AES_ITConfig                         ********   *** removed from Debug\stm8l15x_aes.o ***
_AES_OperationModeConfig              ********   *** removed from Debug\stm8l15x_aes.o ***
_AES_ReadSubData                      ********   *** removed from Debug\stm8l15x_aes.o ***
_AES_ReadSubKey                       ********   *** removed from Debug\stm8l15x_aes.o ***
_AES_WriteSubData                     ********   *** removed from Debug\stm8l15x_aes.o ***
_AES_WriteSubKey                      ********   *** removed from Debug\stm8l15x_aes.o ***
_BEEP_Cmd                             ********   *** removed from Debug\stm8l15x_beep.o ***
_BEEP_DeInit                          ********   *** removed from Debug\stm8l15x_beep.o ***
_BEEP_Init                            ********   *** removed from Debug\stm8l15x_beep.o ***
_BEEP_LSClockToTIMConnectCmd          ********   *** removed from Debug\stm8l15x_beep.o ***
_BEEP_LSICalibrationConfig            ********   *** removed from Debug\stm8l15x_beep.o ***
_CLK_AdjustHSICalibrationValue        00008da0   defined in Debug\stm8l15x_clk.o section .text
_CLK_BEEPClockConfig                  00008e9c   defined in Debug\stm8l15x_clk.o section .text
_CLK_CCOConfig                        00008deb   defined in Debug\stm8l15x_clk.o section .text
_CLK_ClearFlag                        00009053   defined in Debug\stm8l15x_clk.o section .text
_CLK_ClearITPendingBit                0000909d   defined in Debug\stm8l15x_clk.o section .text
_CLK_ClockSecuritySystemEnable        00008dd8   defined in Debug\stm8l15x_clk.o section .text
_CLK_ClockSecuritySytemDeglitchCmd    00008ddd   defined in Debug\stm8l15x_clk.o section .text
_CLK_DeInit                           00008d51   defined in Debug\stm8l15x_clk.o section .text
_CLK_GetClockFreq                     00008dfc   defined in Debug\stm8l15x_clk.o section .text
                                                 used in Debug\stm8l15x_usart.o
                                                         Debug\stm8l15x_i2c.o
_CLK_GetFlagStatus                    00008fbe   defined in Debug\stm8l15x_clk.o section .text
_CLK_GetITStatus                      00009058   defined in Debug\stm8l15x_clk.o section .text
_CLK_GetSYSCLKSource                  00008df8   defined in Debug\stm8l15x_clk.o section .text
_CLK_HSEConfig                        00008dba   defined in Debug\stm8l15x_clk.o section .text
_CLK_HSICmd                           00008d92   defined in Debug\stm8l15x_clk.o section .text
_CLK_HaltConfig                       00008f57   defined in Debug\stm8l15x_clk.o section .text
_CLK_ITConfig                         00008f7e   defined in Debug\stm8l15x_clk.o section .text
_CLK_LSEClockSecuritySystemEnable     00008f4d   defined in Debug\stm8l15x_clk.o section .text
_CLK_LSEConfig                        00008dc9   defined in Debug\stm8l15x_clk.o section .text
_CLK_LSICmd                           00008dac   defined in Debug\stm8l15x_clk.o section .text
_CLK_MainRegulatorCmd                 00008f70   defined in Debug\stm8l15x_clk.o section .text
_CLK_PeripheralClockConfig            00008ea0   defined in Debug\stm8l15x_clk.o section .text
                                                 used in Debug\i2c.o
_CLK_RTCCLKSwitchOnLSEFailureEnable   00008f52   defined in Debug\stm8l15x_clk.o section .text
_CLK_RTCClockConfig                   00008e93   defined in Debug\stm8l15x_clk.o section .text
_CLK_SYSCLKDivConfig                  00008e81   defined in Debug\stm8l15x_clk.o section .text
_CLK_SYSCLKSourceConfig               00008df4   defined in Debug\stm8l15x_clk.o section .text
_CLK_SYSCLKSourceSwitchCmd            00008e85   defined in Debug\stm8l15x_clk.o section .text
_COMP_ClearFlag                       ********   *** removed from Debug\stm8l15x_comp.o ***
_COMP_ClearITPendingBit               ********   *** removed from Debug\stm8l15x_comp.o ***
_COMP_DeInit                          ********   *** removed from Debug\stm8l15x_comp.o ***
_COMP_EdgeConfig                      ********   *** removed from Debug\stm8l15x_comp.o ***
_COMP_GetFlagStatus                   ********   *** removed from Debug\stm8l15x_comp.o ***
_COMP_GetITStatus                     ********   *** removed from Debug\stm8l15x_comp.o ***
_COMP_GetOutputLevel                  ********   *** removed from Debug\stm8l15x_comp.o ***
_COMP_ITConfig                        ********   *** removed from Debug\stm8l15x_comp.o ***
_COMP_Init                            ********   *** removed from Debug\stm8l15x_comp.o ***
_COMP_SchmittTriggerCmd               ********   *** removed from Debug\stm8l15x_comp.o ***
_COMP_TriggerConfig                   ********   *** removed from Debug\stm8l15x_comp.o ***
_COMP_VrefintOutputCmd                ********   *** removed from Debug\stm8l15x_comp.o ***
_COMP_VrefintToCOMP1Connect           ********   *** removed from Debug\stm8l15x_comp.o ***
_COMP_WindowCmd                       ********   *** removed from Debug\stm8l15x_comp.o ***
_DAC_ClearFlag                        ********   *** removed from Debug\stm8l15x_dac.o ***
_DAC_ClearITPendingBit                ********   *** removed from Debug\stm8l15x_dac.o ***
_DAC_Cmd                              ********   *** removed from Debug\stm8l15x_dac.o ***
_DAC_DMACmd                           ********   *** removed from Debug\stm8l15x_dac.o ***
_DAC_DeInit                           ********   *** removed from Debug\stm8l15x_dac.o ***
_DAC_DualSoftwareTriggerCmd           ********   *** removed from Debug\stm8l15x_dac.o ***
_DAC_GetDataOutputValue               ********   *** removed from Debug\stm8l15x_dac.o ***
_DAC_GetFlagStatus                    ********   *** removed from Debug\stm8l15x_dac.o ***
_DAC_GetITStatus                      ********   *** removed from Debug\stm8l15x_dac.o ***
_DAC_ITConfig                         ********   *** removed from Debug\stm8l15x_dac.o ***
_DAC_Init                             ********   *** removed from Debug\stm8l15x_dac.o ***
_DAC_SetChannel1Data                  ********   *** removed from Debug\stm8l15x_dac.o ***
_DAC_SetChannel2Data                  ********   *** removed from Debug\stm8l15x_dac.o ***
_DAC_SetDualChannelData               ********   *** removed from Debug\stm8l15x_dac.o ***
_DAC_SetNoiseWaveLFSR                 ********   *** removed from Debug\stm8l15x_dac.o ***
_DAC_SetTriangleWaveAmplitude         ********   *** removed from Debug\stm8l15x_dac.o ***
_DAC_SoftwareTriggerCmd               ********   *** removed from Debug\stm8l15x_dac.o ***
_DAC_WaveGenerationCmd                ********   *** removed from Debug\stm8l15x_dac.o ***
_DMA_ClearFlag                        00008c8c   defined in Debug\stm8l15x_dma.o section .text
_DMA_ClearITPendingBit                00008d17   defined in Debug\stm8l15x_dma.o section .text
_DMA_Cmd                              00008be9   defined in Debug\stm8l15x_dma.o section .text
                                                 used in Debug\i2c.o
_DMA_DeInit                           00008b65   defined in Debug\stm8l15x_dma.o section .text
                                                 used in Debug\i2c.o
_DMA_GetCurrDataCounter               00008c0f   defined in Debug\stm8l15x_dma.o section .text
_DMA_GetFlagStatus                    00008c26   defined in Debug\stm8l15x_dma.o section .text
_DMA_GetITStatus                      00008ccc   defined in Debug\stm8l15x_dma.o section .text
_DMA_GlobalCmd                        00008bdb   defined in Debug\stm8l15x_dma.o section .text
_DMA_GlobalDeInit                     00008b5c   defined in Debug\stm8l15x_dma.o section .text
_DMA_ITConfig                         00008c12   defined in Debug\stm8l15x_dma.o section .text
                                                 used in Debug\i2c.o
_DMA_Init                             00008b92   defined in Debug\stm8l15x_dma.o section .text
                                                 used in Debug\i2c.o
_DMA_SetCurrDataCounter               00008c06   defined in Debug\stm8l15x_dma.o section .text
_DMA_SetTimeOut                       00008bfc   defined in Debug\stm8l15x_dma.o section .text
_EXTI_ClearITPendingBit               ********   *** removed from Debug\stm8l15x_exti.o ***
_EXTI_DeInit                          ********   *** removed from Debug\stm8l15x_exti.o ***
_EXTI_GetITStatus                     ********   *** removed from Debug\stm8l15x_exti.o ***
_EXTI_GetPinSensitivity               ********   *** removed from Debug\stm8l15x_exti.o ***
_EXTI_GetPortSensitivity              ********   *** removed from Debug\stm8l15x_exti.o ***
_EXTI_SelectPort                      ********   *** removed from Debug\stm8l15x_exti.o ***
_EXTI_SetHalfPortSelection            ********   *** removed from Debug\stm8l15x_exti.o ***
_EXTI_SetPinSensitivity               ********   *** removed from Debug\stm8l15x_exti.o ***
_EXTI_SetPortSensitivity              ********   *** removed from Debug\stm8l15x_exti.o ***
_FLASH_DeInit                         ********   *** removed from Debug\stm8l15x_flash.o ***
_FLASH_EraseBlock                     ********   *** removed from Debug\stm8l15x_flash.o ***
_FLASH_EraseByte                      ********   *** removed from Debug\stm8l15x_flash.o ***
_FLASH_EraseOptionByte                ********   *** removed from Debug\stm8l15x_flash.o ***
_FLASH_GetBootSize                    ********   *** removed from Debug\stm8l15x_flash.o ***
_FLASH_GetCodeSize                    ********   *** removed from Debug\stm8l15x_flash.o ***
_FLASH_GetFlagStatus                  ********   *** removed from Debug\stm8l15x_flash.o ***
_FLASH_GetPowerStatus                 ********   *** removed from Debug\stm8l15x_flash.o ***
_FLASH_GetProgrammingTime             ********   *** removed from Debug\stm8l15x_flash.o ***
_FLASH_GetReadOutProtectionStatus     ********   *** removed from Debug\stm8l15x_flash.o ***
_FLASH_ITConfig                       ********   *** removed from Debug\stm8l15x_flash.o ***
_FLASH_Lock                           ********   *** removed from Debug\stm8l15x_flash.o ***
_FLASH_PowerRunModeConfig             ********   *** removed from Debug\stm8l15x_flash.o ***
_FLASH_PowerWaitModeConfig            ********   *** removed from Debug\stm8l15x_flash.o ***
_FLASH_ProgramBlock                   ********   *** removed from Debug\stm8l15x_flash.o ***
_FLASH_ProgramByte                    ********   *** removed from Debug\stm8l15x_flash.o ***
_FLASH_ProgramOptionByte              ********   *** removed from Debug\stm8l15x_flash.o ***
_FLASH_ProgramWord                    ********   *** removed from Debug\stm8l15x_flash.o ***
_FLASH_ReadByte                       ********   *** removed from Debug\stm8l15x_flash.o ***
_FLASH_SetProgrammingTime             ********   *** removed from Debug\stm8l15x_flash.o ***
_FLASH_Unlock                         ********   *** removed from Debug\stm8l15x_flash.o ***
_FLASH_WaitForLastOperation           ********   *** removed from Debug\stm8l15x_flash.o ***
_GPIO_DeInit                          00008a90   defined in Debug\stm8l15x_gpio.o section .text
_GPIO_ExternalPullUpConfig            00008b00   defined in Debug\stm8l15x_gpio.o section .text
_GPIO_Init                            00008a98   defined in Debug\stm8l15x_gpio.o section .text
                                                 used in Debug\i2c.o
_GPIO_ReadInputData                   00008b4a   defined in Debug\stm8l15x_gpio.o section .text
_GPIO_ReadInputDataBit                00008b4f   defined in Debug\stm8l15x_gpio.o section .text
_GPIO_ReadOutputData                  00008b4d   defined in Debug\stm8l15x_gpio.o section .text
_GPIO_ReadOutputDataBit               00008b56   defined in Debug\stm8l15x_gpio.o section .text
_GPIO_ResetBits                       00008b3b   defined in Debug\stm8l15x_gpio.o section .text
_GPIO_SetBits                         00008b34   defined in Debug\stm8l15x_gpio.o section .text
_GPIO_ToggleBits                      00008b43   defined in Debug\stm8l15x_gpio.o section .text
_GPIO_Write                           00008b18   defined in Debug\stm8l15x_gpio.o section .text
_GPIO_WriteBit                        00008b20   defined in Debug\stm8l15x_gpio.o section .text
_I2C_ARPCmd                           000087d6   defined in Debug\stm8l15x_i2c.o section .text
_I2C_AckPositionConfig                00008834   defined in Debug\stm8l15x_i2c.o section .text
_I2C_AcknowledgeConfig                000087e9   defined in Debug\stm8l15x_i2c.o section .text
                                                 used in Debug\sw.o
_I2C_CalculatePEC                     000088b1   defined in Debug\stm8l15x_i2c.o section .text
_I2C_CheckEvent                       00008939   defined in Debug\stm8l15x_i2c.o section .text
                                                 used in Debug\sw.o
_I2C_ClearFlag                        00008a02   defined in Debug\stm8l15x_i2c.o section .text
_I2C_ClearITPendingBit                00008a78   defined in Debug\stm8l15x_i2c.o section .text
_I2C_Cmd                              00008758   defined in Debug\stm8l15x_i2c.o section .text
                                                 used in Debug\sw.o Debug\i2c.o
_I2C_DMACmd                           000088d6   defined in Debug\stm8l15x_i2c.o section .text
                                                 used in Debug\sw.o
_I2C_DMALastTransferCmd               000088ed   defined in Debug\stm8l15x_i2c.o section .text
_I2C_DMA_RX_IRQHandler                000085c2   defined in Debug\i2c.o section .text
_I2C_DMA_TX_IRQHandler                000085c3   defined in Debug\i2c.o section .text
_I2C_DeInit                           000085c4   defined in Debug\stm8l15x_i2c.o section .text
                                                 used in Debug\i2c.o
_I2C_DualAddressCmd                   0000881d   defined in Debug\stm8l15x_i2c.o section .text
_I2C_FastModeDutyCycleConfig          0000885a   defined in Debug\stm8l15x_i2c.o section .text
_I2C_GeneralCallCmd                   0000876b   defined in Debug\stm8l15x_i2c.o section .text
_I2C_GenerateSTART                    0000877e   defined in Debug\stm8l15x_i2c.o section .text
                                                 used in Debug\sw.o
_I2C_GenerateSTOP                     00008795   defined in Debug\stm8l15x_i2c.o section .text
                                                 used in Debug\sw.o
_I2C_GetFlagStatus                    000089c4   defined in Debug\stm8l15x_i2c.o section .text
                                                 used in Debug\sw.o
_I2C_GetITStatus                      00008a1a   defined in Debug\stm8l15x_i2c.o section .text
_I2C_GetLastEvent                     0000898d   defined in Debug\stm8l15x_i2c.o section .text
_I2C_GetPEC                           000088d3   defined in Debug\stm8l15x_i2c.o section .text
_I2C_ITConfig                         00008904   defined in Debug\stm8l15x_i2c.o section .text
_I2C_Init                             000085da   defined in Debug\stm8l15x_i2c.o section .text
                                                 used in Debug\sw.o
_I2C_LowLevel_DMAConfig               0000855b   defined in Debug\i2c.o section .text
_I2C_LowLevel_DeInit                  000084b8   defined in Debug\i2c.o section .text
                                                 used in Debug\sw.o
_I2C_LowLevel_Init                    00008502   defined in Debug\i2c.o section .text
                                                 used in Debug\sw.o
_I2C_OwnAddress2Config                00008800   defined in Debug\stm8l15x_i2c.o section .text
_I2C_PECPositionConfig                000088c4   defined in Debug\stm8l15x_i2c.o section .text
_I2C_ReadRegister                     0000891c   defined in Debug\stm8l15x_i2c.o section .text
_I2C_ReceiveData                      00008897   defined in Debug\stm8l15x_i2c.o section .text
                                                 used in Debug\sw.o
_I2C_SMBusAlertConfig                 00008843   defined in Debug\stm8l15x_i2c.o section .text
_I2C_Send7bitAddress                  00008873   defined in Debug\stm8l15x_i2c.o section .text
                                                 used in Debug\sw.o
_I2C_SendData                         0000888e   defined in Debug\stm8l15x_i2c.o section .text
                                                 used in Debug\sw.o
_I2C_SoftwareResetCmd                 000087ac   defined in Debug\stm8l15x_i2c.o section .text
_I2C_StretchClockCmd                  000087c3   defined in Debug\stm8l15x_i2c.o section .text
_I2C_TransmitPEC                      0000889a   defined in Debug\stm8l15x_i2c.o section .text
_IRTIM_Cmd                            ********   *** removed from Debug\stm8l15x_irtim.o ***
_IRTIM_DeInit                         ********   *** removed from Debug\stm8l15x_irtim.o ***
_IRTIM_GetHighSinkODStatus            ********   *** removed from Debug\stm8l15x_irtim.o ***
_IRTIM_GetStatus                      ********   *** removed from Debug\stm8l15x_irtim.o ***
_IRTIM_HighSinkODCmd                  ********   *** removed from Debug\stm8l15x_irtim.o ***
_ITC_DeInit                           ********   *** removed from Debug\stm8l15x_itc.o ***
_ITC_GetCPUCC                         ********   *** removed from Debug\stm8l15x_itc.o ***
_ITC_GetSoftIntStatus                 ********   *** removed from Debug\stm8l15x_itc.o ***
_ITC_GetSoftwarePriority              ********   *** removed from Debug\stm8l15x_itc.o ***
_ITC_SetSoftwarePriority              ********   *** removed from Debug\stm8l15x_itc.o ***
_IWDG_Enable                          ********   *** removed from Debug\stm8l15x_iwdg.o ***
_IWDG_ReloadCounter                   ********   *** removed from Debug\stm8l15x_iwdg.o ***
_IWDG_SetPrescaler                    ********   *** removed from Debug\stm8l15x_iwdg.o ***
_IWDG_SetReload                       ********   *** removed from Debug\stm8l15x_iwdg.o ***
_IWDG_WriteAccessCmd                  ********   *** removed from Debug\stm8l15x_iwdg.o ***
_LCD_BlinkConfig                      ********   *** removed from Debug\stm8l15x_lcd.o ***
_LCD_ClearFlag                        ********   *** removed from Debug\stm8l15x_lcd.o ***
_LCD_ClearITPendingBit                ********   *** removed from Debug\stm8l15x_lcd.o ***
_LCD_Cmd                              ********   *** removed from Debug\stm8l15x_lcd.o ***
_LCD_ContrastConfig                   ********   *** removed from Debug\stm8l15x_lcd.o ***
_LCD_DeInit                           ********   *** removed from Debug\stm8l15x_lcd.o ***
_LCD_DeadTimeConfig                   ********   *** removed from Debug\stm8l15x_lcd.o ***
_LCD_GetFlagStatus                    ********   *** removed from Debug\stm8l15x_lcd.o ***
_LCD_GetITStatus                      ********   *** removed from Debug\stm8l15x_lcd.o ***
_LCD_HighDriveCmd                     ********   *** removed from Debug\stm8l15x_lcd.o ***
_LCD_ITConfig                         ********   *** removed from Debug\stm8l15x_lcd.o ***
_LCD_Init                             ********   *** removed from Debug\stm8l15x_lcd.o ***
_LCD_PageSelect                       ********   *** removed from Debug\stm8l15x_lcd.o ***
_LCD_PortMaskConfig                   ********   *** removed from Debug\stm8l15x_lcd.o ***
_LCD_PulseOnDurationConfig            ********   *** removed from Debug\stm8l15x_lcd.o ***
_LCD_WriteRAM                         ********   *** removed from Debug\stm8l15x_lcd.o ***
_PWR_DeInit                           ********   *** removed from Debug\stm8l15x_pwr.o ***
_PWR_FastWakeUpCmd                    ********   *** removed from Debug\stm8l15x_pwr.o ***
_PWR_GetFlagStatus                    ********   *** removed from Debug\stm8l15x_pwr.o ***
_PWR_PVDClearFlag                     ********   *** removed from Debug\stm8l15x_pwr.o ***
_PWR_PVDClearITPendingBit             ********   *** removed from Debug\stm8l15x_pwr.o ***
_PWR_PVDCmd                           ********   *** removed from Debug\stm8l15x_pwr.o ***
_PWR_PVDGetITStatus                   ********   *** removed from Debug\stm8l15x_pwr.o ***
_PWR_PVDITConfig                      ********   *** removed from Debug\stm8l15x_pwr.o ***
_PWR_PVDLevelConfig                   ********   *** removed from Debug\stm8l15x_pwr.o ***
_PWR_UltraLowPowerCmd                 ********   *** removed from Debug\stm8l15x_pwr.o ***
_RST_ClearFlag                        ********   *** removed from Debug\stm8l15x_rst.o ***
_RST_GPOutputEnable                   ********   *** removed from Debug\stm8l15x_rst.o ***
_RST_GetFlagStatus                    ********   *** removed from Debug\stm8l15x_rst.o ***
_RTC_AlarmCmd                         ********   *** removed from Debug\stm8l15x_rtc.o ***
_RTC_AlarmStructInit                  ********   *** removed from Debug\stm8l15x_rtc.o ***
_RTC_AlarmSubSecondConfig             ********   *** removed from Debug\stm8l15x_rtc.o ***
_RTC_BypassShadowCmd                  ********   *** removed from Debug\stm8l15x_rtc.o ***
_RTC_CalibOutputCmd                   ********   *** removed from Debug\stm8l15x_rtc.o ***
_RTC_CalibOutputConfig                ********   *** removed from Debug\stm8l15x_rtc.o ***
_RTC_ClearFlag                        ********   *** removed from Debug\stm8l15x_rtc.o ***
_RTC_ClearITPendingBit                ********   *** removed from Debug\stm8l15x_rtc.o ***
_RTC_DateStructInit                   ********   *** removed from Debug\stm8l15x_rtc.o ***
_RTC_DayLightSavingConfig             ********   *** removed from Debug\stm8l15x_rtc.o ***
_RTC_DeInit                           ********   *** removed from Debug\stm8l15x_rtc.o ***
_RTC_EnterInitMode                    ********   *** removed from Debug\stm8l15x_rtc.o ***
_RTC_ExitInitMode                     ********   *** removed from Debug\stm8l15x_rtc.o ***
_RTC_GetAlarm                         ********   *** removed from Debug\stm8l15x_rtc.o ***
_RTC_GetDate                          ********   *** removed from Debug\stm8l15x_rtc.o ***
_RTC_GetFlagStatus                    ********   *** removed from Debug\stm8l15x_rtc.o ***
_RTC_GetITStatus                      ********   *** removed from Debug\stm8l15x_rtc.o ***
_RTC_GetStoreOperation                ********   *** removed from Debug\stm8l15x_rtc.o ***
_RTC_GetSubSecond                     ********   *** removed from Debug\stm8l15x_rtc.o ***
_RTC_GetTime                          ********   *** removed from Debug\stm8l15x_rtc.o ***
_RTC_GetWakeUpCounter                 ********   *** removed from Debug\stm8l15x_rtc.o ***
_RTC_ITConfig                         ********   *** removed from Debug\stm8l15x_rtc.o ***
_RTC_Init                             ********   *** removed from Debug\stm8l15x_rtc.o ***
_RTC_OutputConfig                     ********   *** removed from Debug\stm8l15x_rtc.o ***
_RTC_RatioCmd                         ********   *** removed from Debug\stm8l15x_rtc.o ***
_RTC_SetAlarm                         ********   *** removed from Debug\stm8l15x_rtc.o ***
_RTC_SetDate                          ********   *** removed from Debug\stm8l15x_rtc.o ***
_RTC_SetTime                          ********   *** removed from Debug\stm8l15x_rtc.o ***
_RTC_SetWakeUpCounter                 ********   *** removed from Debug\stm8l15x_rtc.o ***
_RTC_SmoothCalibConfig                ********   *** removed from Debug\stm8l15x_rtc.o ***
_RTC_StructInit                       ********   *** removed from Debug\stm8l15x_rtc.o ***
_RTC_SynchroShiftConfig               ********   *** removed from Debug\stm8l15x_rtc.o ***
_RTC_TamperCmd                        ********   *** removed from Debug\stm8l15x_rtc.o ***
_RTC_TamperFilterConfig               ********   *** removed from Debug\stm8l15x_rtc.o ***
_RTC_TamperLevelConfig                ********   *** removed from Debug\stm8l15x_rtc.o ***
_RTC_TamperPinsPrechargeDuration      ********   *** removed from Debug\stm8l15x_rtc.o ***
_RTC_TamperSamplingFreqConfig         ********   *** removed from Debug\stm8l15x_rtc.o ***
_RTC_TimeStructInit                   ********   *** removed from Debug\stm8l15x_rtc.o ***
_RTC_WaitForSynchro                   ********   *** removed from Debug\stm8l15x_rtc.o ***
_RTC_WakeUpClockConfig                ********   *** removed from Debug\stm8l15x_rtc.o ***
_RTC_WakeUpCmd                        ********   *** removed from Debug\stm8l15x_rtc.o ***
_RTC_WriteProtectionCmd               ********   *** removed from Debug\stm8l15x_rtc.o ***
_SPI_BiDirectionalLineConfig          ********   *** removed from Debug\stm8l15x_spi.o ***
_SPI_CalculateCRCCmd                  ********   *** removed from Debug\stm8l15x_spi.o ***
_SPI_ClearFlag                        ********   *** removed from Debug\stm8l15x_spi.o ***
_SPI_ClearITPendingBit                ********   *** removed from Debug\stm8l15x_spi.o ***
_SPI_Cmd                              ********   *** removed from Debug\stm8l15x_spi.o ***
_SPI_DMACmd                           ********   *** removed from Debug\stm8l15x_spi.o ***
_SPI_DeInit                           ********   *** removed from Debug\stm8l15x_spi.o ***
_SPI_GetCRC                           ********   *** removed from Debug\stm8l15x_spi.o ***
_SPI_GetCRCPolynomial                 ********   *** removed from Debug\stm8l15x_spi.o ***
_SPI_GetFlagStatus                    ********   *** removed from Debug\stm8l15x_spi.o ***
_SPI_GetITStatus                      ********   *** removed from Debug\stm8l15x_spi.o ***
_SPI_ITConfig                         ********   *** removed from Debug\stm8l15x_spi.o ***
_SPI_Init                             ********   *** removed from Debug\stm8l15x_spi.o ***
_SPI_NSSInternalSoftwareCmd           ********   *** removed from Debug\stm8l15x_spi.o ***
_SPI_ReceiveData                      ********   *** removed from Debug\stm8l15x_spi.o ***
_SPI_ResetCRC                         ********   *** removed from Debug\stm8l15x_spi.o ***
_SPI_SendData                         ********   *** removed from Debug\stm8l15x_spi.o ***
_SPI_TransmitCRC                      ********   *** removed from Debug\stm8l15x_spi.o ***
_SYSCFG_REMAPDMAChannelConfig         ********   *** removed from Debug\stm8l15x_syscfg.o ***
_SYSCFG_REMAPDeInit                   ********   *** removed from Debug\stm8l15x_syscfg.o ***
_SYSCFG_REMAPPinConfig                ********   *** removed from Debug\stm8l15x_syscfg.o ***
_SYSCFG_RIAnalogSwitchConfig          ********   *** removed from Debug\stm8l15x_syscfg.o ***
_SYSCFG_RIDeInit                      ********   *** removed from Debug\stm8l15x_syscfg.o ***
_SYSCFG_RIIOSwitchConfig              ********   *** removed from Debug\stm8l15x_syscfg.o ***
_SYSCFG_RIResistorConfig              ********   *** removed from Debug\stm8l15x_syscfg.o ***
_SYSCFG_RITIMInputCaptureConfig       ********   *** removed from Debug\stm8l15x_syscfg.o ***
_SYSDivFactor                         00008094   defined in Debug\stm8l15x_clk.o section .const
_TIM1_ARRPreloadConfig                ********   *** removed from Debug\stm8l15x_tim1.o ***
_TIM1_BDTRConfig                      ********   *** removed from Debug\stm8l15x_tim1.o ***
_TIM1_CCPreloadControl                ********   *** removed from Debug\stm8l15x_tim1.o ***
_TIM1_CCxCmd                          ********   *** removed from Debug\stm8l15x_tim1.o ***
_TIM1_CCxNCmd                         ********   *** removed from Debug\stm8l15x_tim1.o ***
_TIM1_ClearFlag                       ********   *** removed from Debug\stm8l15x_tim1.o ***
_TIM1_ClearITPendingBit               ********   *** removed from Debug\stm8l15x_tim1.o ***
_TIM1_ClearOC1Ref                     ********   *** removed from Debug\stm8l15x_tim1.o ***
_TIM1_ClearOC2Ref                     ********   *** removed from Debug\stm8l15x_tim1.o ***
_TIM1_ClearOC3Ref                     ********   *** removed from Debug\stm8l15x_tim1.o ***
_TIM1_ClearOC4Ref                     ********   *** removed from Debug\stm8l15x_tim1.o ***
_TIM1_Cmd                             ********   *** removed from Debug\stm8l15x_tim1.o ***
_TIM1_CounterModeConfig               ********   *** removed from Debug\stm8l15x_tim1.o ***
_TIM1_CtrlPWMOutputs                  ********   *** removed from Debug\stm8l15x_tim1.o ***
_TIM1_DMACmd                          ********   *** removed from Debug\stm8l15x_tim1.o ***
_TIM1_DMAConfig                       ********   *** removed from Debug\stm8l15x_tim1.o ***
_TIM1_DeInit                          ********   *** removed from Debug\stm8l15x_tim1.o ***
_TIM1_ETRClockMode1Config             ********   *** removed from Debug\stm8l15x_tim1.o ***
_TIM1_ETRClockMode2Config             ********   *** removed from Debug\stm8l15x_tim1.o ***
_TIM1_ETRConfig                       ********   *** removed from Debug\stm8l15x_tim1.o ***
_TIM1_EncoderInterfaceConfig          ********   *** removed from Debug\stm8l15x_tim1.o ***
_TIM1_ForcedOC1Config                 ********   *** removed from Debug\stm8l15x_tim1.o ***
_TIM1_ForcedOC2Config                 ********   *** removed from Debug\stm8l15x_tim1.o ***
_TIM1_ForcedOC3Config                 ********   *** removed from Debug\stm8l15x_tim1.o ***
_TIM1_GenerateEvent                   ********   *** removed from Debug\stm8l15x_tim1.o ***
_TIM1_GetCapture1                     ********   *** removed from Debug\stm8l15x_tim1.o ***
_TIM1_GetCapture2                     ********   *** removed from Debug\stm8l15x_tim1.o ***
_TIM1_GetCapture3                     ********   *** removed from Debug\stm8l15x_tim1.o ***
_TIM1_GetCapture4                     ********   *** removed from Debug\stm8l15x_tim1.o ***
_TIM1_GetCounter                      ********   *** removed from Debug\stm8l15x_tim1.o ***
_TIM1_GetFlagStatus                   ********   *** removed from Debug\stm8l15x_tim1.o ***
_TIM1_GetITStatus                     ********   *** removed from Debug\stm8l15x_tim1.o ***
_TIM1_GetPrescaler                    ********   *** removed from Debug\stm8l15x_tim1.o ***
_TIM1_ICInit                          ********   *** removed from Debug\stm8l15x_tim1.o ***
_TIM1_ITConfig                        ********   *** removed from Debug\stm8l15x_tim1.o ***
_TIM1_InternalClockConfig             ********   *** removed from Debug\stm8l15x_tim1.o ***
_TIM1_OC1FastConfig                   ********   *** removed from Debug\stm8l15x_tim1.o ***
_TIM1_OC1Init                         ********   *** removed from Debug\stm8l15x_tim1.o ***
_TIM1_OC1NPolarityConfig              ********   *** removed from Debug\stm8l15x_tim1.o ***
_TIM1_OC1PolarityConfig               ********   *** removed from Debug\stm8l15x_tim1.o ***
_TIM1_OC1PreloadConfig                ********   *** removed from Debug\stm8l15x_tim1.o ***
_TIM1_OC2FastConfig                   ********   *** removed from Debug\stm8l15x_tim1.o ***
_TIM1_OC2Init                         ********   *** removed from Debug\stm8l15x_tim1.o ***
_TIM1_OC2NPolarityConfig              ********   *** removed from Debug\stm8l15x_tim1.o ***
_TIM1_OC2PolarityConfig               ********   *** removed from Debug\stm8l15x_tim1.o ***
_TIM1_OC2PreloadConfig                ********   *** removed from Debug\stm8l15x_tim1.o ***
_TIM1_OC3FastConfig                   ********   *** removed from Debug\stm8l15x_tim1.o ***
_TIM1_OC3Init                         ********   *** removed from Debug\stm8l15x_tim1.o ***
_TIM1_OC3NPolarityConfig              ********   *** removed from Debug\stm8l15x_tim1.o ***
_TIM1_OC3PolarityConfig               ********   *** removed from Debug\stm8l15x_tim1.o ***
_TIM1_OC3PreloadConfig                ********   *** removed from Debug\stm8l15x_tim1.o ***
_TIM1_OC4PreloadConfig                ********   *** removed from Debug\stm8l15x_tim1.o ***
_TIM1_PWMIConfig                      ********   *** removed from Debug\stm8l15x_tim1.o ***
_TIM1_PrescalerConfig                 ********   *** removed from Debug\stm8l15x_tim1.o ***
_TIM1_SelectCCDMA                     ********   *** removed from Debug\stm8l15x_tim1.o ***
_TIM1_SelectCOM                       ********   *** removed from Debug\stm8l15x_tim1.o ***
_TIM1_SelectHallSensor                ********   *** removed from Debug\stm8l15x_tim1.o ***
_TIM1_SelectInputTrigger              ********   *** removed from Debug\stm8l15x_tim1.o ***
_TIM1_SelectMasterSlaveMode           ********   *** removed from Debug\stm8l15x_tim1.o ***
_TIM1_SelectOCREFClear                ********   *** removed from Debug\stm8l15x_tim1.o ***
_TIM1_SelectOCxM                      ********   *** removed from Debug\stm8l15x_tim1.o ***
_TIM1_SelectOnePulseMode              ********   *** removed from Debug\stm8l15x_tim1.o ***
_TIM1_SelectOutputTrigger             ********   *** removed from Debug\stm8l15x_tim1.o ***
_TIM1_SelectSlaveMode                 ********   *** removed from Debug\stm8l15x_tim1.o ***
_TIM1_SetAutoreload                   ********   *** removed from Debug\stm8l15x_tim1.o ***
_TIM1_SetCompare1                     ********   *** removed from Debug\stm8l15x_tim1.o ***
_TIM1_SetCompare2                     ********   *** removed from Debug\stm8l15x_tim1.o ***
_TIM1_SetCompare3                     ********   *** removed from Debug\stm8l15x_tim1.o ***
_TIM1_SetCompare4                     ********   *** removed from Debug\stm8l15x_tim1.o ***
_TIM1_SetCounter                      ********   *** removed from Debug\stm8l15x_tim1.o ***
_TIM1_SetIC1Prescaler                 ********   *** removed from Debug\stm8l15x_tim1.o ***
_TIM1_SetIC2Prescaler                 ********   *** removed from Debug\stm8l15x_tim1.o ***
_TIM1_SetIC3Prescaler                 ********   *** removed from Debug\stm8l15x_tim1.o ***
_TIM1_SetIC4Prescaler                 ********   *** removed from Debug\stm8l15x_tim1.o ***
_TIM1_TIxExternalClockConfig          ********   *** removed from Debug\stm8l15x_tim1.o ***
_TIM1_TimeBaseInit                    ********   *** removed from Debug\stm8l15x_tim1.o ***
_TIM1_UpdateDisableConfig             ********   *** removed from Debug\stm8l15x_tim1.o ***
_TIM1_UpdateRequestConfig             ********   *** removed from Debug\stm8l15x_tim1.o ***
_TIM2_ARRPreloadConfig                ********   *** removed from Debug\stm8l15x_tim2.o ***
_TIM2_BKRConfig                       ********   *** removed from Debug\stm8l15x_tim2.o ***
_TIM2_CCxCmd                          ********   *** removed from Debug\stm8l15x_tim2.o ***
_TIM2_ClearFlag                       ********   *** removed from Debug\stm8l15x_tim2.o ***
_TIM2_ClearITPendingBit               ********   *** removed from Debug\stm8l15x_tim2.o ***
_TIM2_Cmd                             ********   *** removed from Debug\stm8l15x_tim2.o ***
_TIM2_CounterModeConfig               ********   *** removed from Debug\stm8l15x_tim2.o ***
_TIM2_CtrlPWMOutputs                  ********   *** removed from Debug\stm8l15x_tim2.o ***
_TIM2_DMACmd                          ********   *** removed from Debug\stm8l15x_tim2.o ***
_TIM2_DeInit                          ********   *** removed from Debug\stm8l15x_tim2.o ***
_TIM2_ETRClockMode1Config             ********   *** removed from Debug\stm8l15x_tim2.o ***
_TIM2_ETRClockMode2Config             ********   *** removed from Debug\stm8l15x_tim2.o ***
_TIM2_ETRConfig                       ********   *** removed from Debug\stm8l15x_tim2.o ***
_TIM2_EncoderInterfaceConfig          ********   *** removed from Debug\stm8l15x_tim2.o ***
_TIM2_ForcedOC1Config                 ********   *** removed from Debug\stm8l15x_tim2.o ***
_TIM2_ForcedOC2Config                 ********   *** removed from Debug\stm8l15x_tim2.o ***
_TIM2_GenerateEvent                   ********   *** removed from Debug\stm8l15x_tim2.o ***
_TIM2_GetCapture1                     ********   *** removed from Debug\stm8l15x_tim2.o ***
_TIM2_GetCapture2                     ********   *** removed from Debug\stm8l15x_tim2.o ***
_TIM2_GetCounter                      ********   *** removed from Debug\stm8l15x_tim2.o ***
_TIM2_GetFlagStatus                   ********   *** removed from Debug\stm8l15x_tim2.o ***
_TIM2_GetITStatus                     ********   *** removed from Debug\stm8l15x_tim2.o ***
_TIM2_GetPrescaler                    ********   *** removed from Debug\stm8l15x_tim2.o ***
_TIM2_ICInit                          ********   *** removed from Debug\stm8l15x_tim2.o ***
_TIM2_ITConfig                        ********   *** removed from Debug\stm8l15x_tim2.o ***
_TIM2_InternalClockConfig             ********   *** removed from Debug\stm8l15x_tim2.o ***
_TIM2_OC1FastConfig                   ********   *** removed from Debug\stm8l15x_tim2.o ***
_TIM2_OC1Init                         ********   *** removed from Debug\stm8l15x_tim2.o ***
_TIM2_OC1PolarityConfig               ********   *** removed from Debug\stm8l15x_tim2.o ***
_TIM2_OC1PreloadConfig                ********   *** removed from Debug\stm8l15x_tim2.o ***
_TIM2_OC2FastConfig                   ********   *** removed from Debug\stm8l15x_tim2.o ***
_TIM2_OC2Init                         ********   *** removed from Debug\stm8l15x_tim2.o ***
_TIM2_OC2PolarityConfig               ********   *** removed from Debug\stm8l15x_tim2.o ***
_TIM2_OC2PreloadConfig                ********   *** removed from Debug\stm8l15x_tim2.o ***
_TIM2_PWMIConfig                      ********   *** removed from Debug\stm8l15x_tim2.o ***
_TIM2_PrescalerConfig                 ********   *** removed from Debug\stm8l15x_tim2.o ***
_TIM2_SelectCCDMA                     ********   *** removed from Debug\stm8l15x_tim2.o ***
_TIM2_SelectHallSensor                ********   *** removed from Debug\stm8l15x_tim2.o ***
_TIM2_SelectInputTrigger              ********   *** removed from Debug\stm8l15x_tim2.o ***
_TIM2_SelectMasterSlaveMode           ********   *** removed from Debug\stm8l15x_tim2.o ***
_TIM2_SelectOCxM                      ********   *** removed from Debug\stm8l15x_tim2.o ***
_TIM2_SelectOnePulseMode              ********   *** removed from Debug\stm8l15x_tim2.o ***
_TIM2_SelectOutputTrigger             ********   *** removed from Debug\stm8l15x_tim2.o ***
_TIM2_SelectSlaveMode                 ********   *** removed from Debug\stm8l15x_tim2.o ***
_TIM2_SetAutoreload                   ********   *** removed from Debug\stm8l15x_tim2.o ***
_TIM2_SetCompare1                     ********   *** removed from Debug\stm8l15x_tim2.o ***
_TIM2_SetCompare2                     ********   *** removed from Debug\stm8l15x_tim2.o ***
_TIM2_SetCounter                      ********   *** removed from Debug\stm8l15x_tim2.o ***
_TIM2_SetIC1Prescaler                 ********   *** removed from Debug\stm8l15x_tim2.o ***
_TIM2_SetIC2Prescaler                 ********   *** removed from Debug\stm8l15x_tim2.o ***
_TIM2_TIxExternalClockConfig          ********   *** removed from Debug\stm8l15x_tim2.o ***
_TIM2_TimeBaseInit                    ********   *** removed from Debug\stm8l15x_tim2.o ***
_TIM2_UpdateDisableConfig             ********   *** removed from Debug\stm8l15x_tim2.o ***
_TIM2_UpdateRequestConfig             ********   *** removed from Debug\stm8l15x_tim2.o ***
_TIM3_ARRPreloadConfig                ********   *** removed from Debug\stm8l15x_tim3.o ***
_TIM3_BKRConfig                       ********   *** removed from Debug\stm8l15x_tim3.o ***
_TIM3_CCxCmd                          ********   *** removed from Debug\stm8l15x_tim3.o ***
_TIM3_ClearFlag                       ********   *** removed from Debug\stm8l15x_tim3.o ***
_TIM3_ClearITPendingBit               ********   *** removed from Debug\stm8l15x_tim3.o ***
_TIM3_Cmd                             ********   *** removed from Debug\stm8l15x_tim3.o ***
_TIM3_CounterModeConfig               ********   *** removed from Debug\stm8l15x_tim3.o ***
_TIM3_CtrlPWMOutputs                  ********   *** removed from Debug\stm8l15x_tim3.o ***
_TIM3_DMACmd                          ********   *** removed from Debug\stm8l15x_tim3.o ***
_TIM3_DeInit                          ********   *** removed from Debug\stm8l15x_tim3.o ***
_TIM3_ETRClockMode1Config             ********   *** removed from Debug\stm8l15x_tim3.o ***
_TIM3_ETRClockMode2Config             ********   *** removed from Debug\stm8l15x_tim3.o ***
_TIM3_ETRConfig                       ********   *** removed from Debug\stm8l15x_tim3.o ***
_TIM3_EncoderInterfaceConfig          ********   *** removed from Debug\stm8l15x_tim3.o ***
_TIM3_ForcedOC1Config                 ********   *** removed from Debug\stm8l15x_tim3.o ***
_TIM3_ForcedOC2Config                 ********   *** removed from Debug\stm8l15x_tim3.o ***
_TIM3_GenerateEvent                   ********   *** removed from Debug\stm8l15x_tim3.o ***
_TIM3_GetCapture1                     ********   *** removed from Debug\stm8l15x_tim3.o ***
_TIM3_GetCapture2                     ********   *** removed from Debug\stm8l15x_tim3.o ***
_TIM3_GetCounter                      ********   *** removed from Debug\stm8l15x_tim3.o ***
_TIM3_GetFlagStatus                   ********   *** removed from Debug\stm8l15x_tim3.o ***
_TIM3_GetITStatus                     ********   *** removed from Debug\stm8l15x_tim3.o ***
_TIM3_GetPrescaler                    ********   *** removed from Debug\stm8l15x_tim3.o ***
_TIM3_ICInit                          ********   *** removed from Debug\stm8l15x_tim3.o ***
_TIM3_ITConfig                        ********   *** removed from Debug\stm8l15x_tim3.o ***
_TIM3_InternalClockConfig             ********   *** removed from Debug\stm8l15x_tim3.o ***
_TIM3_OC1FastConfig                   ********   *** removed from Debug\stm8l15x_tim3.o ***
_TIM3_OC1Init                         ********   *** removed from Debug\stm8l15x_tim3.o ***
_TIM3_OC1PolarityConfig               ********   *** removed from Debug\stm8l15x_tim3.o ***
_TIM3_OC1PreloadConfig                ********   *** removed from Debug\stm8l15x_tim3.o ***
_TIM3_OC2FastConfig                   ********   *** removed from Debug\stm8l15x_tim3.o ***
_TIM3_OC2Init                         ********   *** removed from Debug\stm8l15x_tim3.o ***
_TIM3_OC2PolarityConfig               ********   *** removed from Debug\stm8l15x_tim3.o ***
_TIM3_OC2PreloadConfig                ********   *** removed from Debug\stm8l15x_tim3.o ***
_TIM3_PWMIConfig                      ********   *** removed from Debug\stm8l15x_tim3.o ***
_TIM3_PrescalerConfig                 ********   *** removed from Debug\stm8l15x_tim3.o ***
_TIM3_SelectCCDMA                     ********   *** removed from Debug\stm8l15x_tim3.o ***
_TIM3_SelectHallSensor                ********   *** removed from Debug\stm8l15x_tim3.o ***
_TIM3_SelectInputTrigger              ********   *** removed from Debug\stm8l15x_tim3.o ***
_TIM3_SelectMasterSlaveMode           ********   *** removed from Debug\stm8l15x_tim3.o ***
_TIM3_SelectOCxM                      ********   *** removed from Debug\stm8l15x_tim3.o ***
_TIM3_SelectOnePulseMode              ********   *** removed from Debug\stm8l15x_tim3.o ***
_TIM3_SelectOutputTrigger             ********   *** removed from Debug\stm8l15x_tim3.o ***
_TIM3_SelectSlaveMode                 ********   *** removed from Debug\stm8l15x_tim3.o ***
_TIM3_SetAutoreload                   ********   *** removed from Debug\stm8l15x_tim3.o ***
_TIM3_SetCompare1                     ********   *** removed from Debug\stm8l15x_tim3.o ***
_TIM3_SetCompare2                     ********   *** removed from Debug\stm8l15x_tim3.o ***
_TIM3_SetCounter                      ********   *** removed from Debug\stm8l15x_tim3.o ***
_TIM3_SetIC1Prescaler                 ********   *** removed from Debug\stm8l15x_tim3.o ***
_TIM3_SetIC2Prescaler                 ********   *** removed from Debug\stm8l15x_tim3.o ***
_TIM3_TIxExternalClockConfig          ********   *** removed from Debug\stm8l15x_tim3.o ***
_TIM3_TimeBaseInit                    ********   *** removed from Debug\stm8l15x_tim3.o ***
_TIM3_UpdateDisableConfig             ********   *** removed from Debug\stm8l15x_tim3.o ***
_TIM3_UpdateRequestConfig             ********   *** removed from Debug\stm8l15x_tim3.o ***
_TIM4_ARRPreloadConfig                ********   *** removed from Debug\stm8l15x_tim4.o ***
_TIM4_ClearFlag                       ********   *** removed from Debug\stm8l15x_tim4.o ***
_TIM4_ClearITPendingBit               ********   *** removed from Debug\stm8l15x_tim4.o ***
_TIM4_Cmd                             ********   *** removed from Debug\stm8l15x_tim4.o ***
_TIM4_DMACmd                          ********   *** removed from Debug\stm8l15x_tim4.o ***
_TIM4_DeInit                          ********   *** removed from Debug\stm8l15x_tim4.o ***
_TIM4_GenerateEvent                   ********   *** removed from Debug\stm8l15x_tim4.o ***
_TIM4_GetCounter                      ********   *** removed from Debug\stm8l15x_tim4.o ***
_TIM4_GetFlagStatus                   ********   *** removed from Debug\stm8l15x_tim4.o ***
_TIM4_GetITStatus                     ********   *** removed from Debug\stm8l15x_tim4.o ***
_TIM4_GetPrescaler                    ********   *** removed from Debug\stm8l15x_tim4.o ***
_TIM4_ITConfig                        ********   *** removed from Debug\stm8l15x_tim4.o ***
_TIM4_InternalClockConfig             ********   *** removed from Debug\stm8l15x_tim4.o ***
_TIM4_PrescalerConfig                 ********   *** removed from Debug\stm8l15x_tim4.o ***
_TIM4_SelectInputTrigger              ********   *** removed from Debug\stm8l15x_tim4.o ***
_TIM4_SelectMasterSlaveMode           ********   *** removed from Debug\stm8l15x_tim4.o ***
_TIM4_SelectOnePulseMode              ********   *** removed from Debug\stm8l15x_tim4.o ***
_TIM4_SelectOutputTrigger             ********   *** removed from Debug\stm8l15x_tim4.o ***
_TIM4_SelectSlaveMode                 ********   *** removed from Debug\stm8l15x_tim4.o ***
_TIM4_SetAutoreload                   ********   *** removed from Debug\stm8l15x_tim4.o ***
_TIM4_SetCounter                      ********   *** removed from Debug\stm8l15x_tim4.o ***
_TIM4_TimeBaseInit                    ********   *** removed from Debug\stm8l15x_tim4.o ***
_TIM4_UpdateDisableConfig             ********   *** removed from Debug\stm8l15x_tim4.o ***
_TIM4_UpdateRequestConfig             ********   *** removed from Debug\stm8l15x_tim4.o ***
_TIM5_ARRPreloadConfig                ********   *** removed from Debug\stm8l15x_tim5.o ***
_TIM5_BKRConfig                       ********   *** removed from Debug\stm8l15x_tim5.o ***
_TIM5_CCxCmd                          ********   *** removed from Debug\stm8l15x_tim5.o ***
_TIM5_ClearFlag                       ********   *** removed from Debug\stm8l15x_tim5.o ***
_TIM5_ClearITPendingBit               ********   *** removed from Debug\stm8l15x_tim5.o ***
_TIM5_Cmd                             ********   *** removed from Debug\stm8l15x_tim5.o ***
_TIM5_CounterModeConfig               ********   *** removed from Debug\stm8l15x_tim5.o ***
_TIM5_CtrlPWMOutputs                  ********   *** removed from Debug\stm8l15x_tim5.o ***
_TIM5_DMACmd                          ********   *** removed from Debug\stm8l15x_tim5.o ***
_TIM5_DeInit                          ********   *** removed from Debug\stm8l15x_tim5.o ***
_TIM5_ETRClockMode1Config             ********   *** removed from Debug\stm8l15x_tim5.o ***
_TIM5_ETRClockMode2Config             ********   *** removed from Debug\stm8l15x_tim5.o ***
_TIM5_ETRConfig                       ********   *** removed from Debug\stm8l15x_tim5.o ***
_TIM5_EncoderInterfaceConfig          ********   *** removed from Debug\stm8l15x_tim5.o ***
_TIM5_ForcedOC1Config                 ********   *** removed from Debug\stm8l15x_tim5.o ***
_TIM5_ForcedOC2Config                 ********   *** removed from Debug\stm8l15x_tim5.o ***
_TIM5_GenerateEvent                   ********   *** removed from Debug\stm8l15x_tim5.o ***
_TIM5_GetCapture1                     ********   *** removed from Debug\stm8l15x_tim5.o ***
_TIM5_GetCapture2                     ********   *** removed from Debug\stm8l15x_tim5.o ***
_TIM5_GetCounter                      ********   *** removed from Debug\stm8l15x_tim5.o ***
_TIM5_GetFlagStatus                   ********   *** removed from Debug\stm8l15x_tim5.o ***
_TIM5_GetITStatus                     ********   *** removed from Debug\stm8l15x_tim5.o ***
_TIM5_GetPrescaler                    ********   *** removed from Debug\stm8l15x_tim5.o ***
_TIM5_ICInit                          ********   *** removed from Debug\stm8l15x_tim5.o ***
_TIM5_ITConfig                        ********   *** removed from Debug\stm8l15x_tim5.o ***
_TIM5_InternalClockConfig             ********   *** removed from Debug\stm8l15x_tim5.o ***
_TIM5_OC1FastConfig                   ********   *** removed from Debug\stm8l15x_tim5.o ***
_TIM5_OC1Init                         ********   *** removed from Debug\stm8l15x_tim5.o ***
_TIM5_OC1PolarityConfig               ********   *** removed from Debug\stm8l15x_tim5.o ***
_TIM5_OC1PreloadConfig                ********   *** removed from Debug\stm8l15x_tim5.o ***
_TIM5_OC2FastConfig                   ********   *** removed from Debug\stm8l15x_tim5.o ***
_TIM5_OC2Init                         ********   *** removed from Debug\stm8l15x_tim5.o ***
_TIM5_OC2PolarityConfig               ********   *** removed from Debug\stm8l15x_tim5.o ***
_TIM5_OC2PreloadConfig                ********   *** removed from Debug\stm8l15x_tim5.o ***
_TIM5_PWMIConfig                      ********   *** removed from Debug\stm8l15x_tim5.o ***
_TIM5_PrescalerConfig                 ********   *** removed from Debug\stm8l15x_tim5.o ***
_TIM5_SelectCCDMA                     ********   *** removed from Debug\stm8l15x_tim5.o ***
_TIM5_SelectHallSensor                ********   *** removed from Debug\stm8l15x_tim5.o ***
_TIM5_SelectInputTrigger              ********   *** removed from Debug\stm8l15x_tim5.o ***
_TIM5_SelectMasterSlaveMode           ********   *** removed from Debug\stm8l15x_tim5.o ***
_TIM5_SelectOCxM                      ********   *** removed from Debug\stm8l15x_tim5.o ***
_TIM5_SelectOnePulseMode              ********   *** removed from Debug\stm8l15x_tim5.o ***
_TIM5_SelectOutputTrigger             ********   *** removed from Debug\stm8l15x_tim5.o ***
_TIM5_SelectSlaveMode                 ********   *** removed from Debug\stm8l15x_tim5.o ***
_TIM5_SetAutoreload                   ********   *** removed from Debug\stm8l15x_tim5.o ***
_TIM5_SetCompare1                     ********   *** removed from Debug\stm8l15x_tim5.o ***
_TIM5_SetCompare2                     ********   *** removed from Debug\stm8l15x_tim5.o ***
_TIM5_SetCounter                      ********   *** removed from Debug\stm8l15x_tim5.o ***
_TIM5_SetIC1Prescaler                 ********   *** removed from Debug\stm8l15x_tim5.o ***
_TIM5_SetIC2Prescaler                 ********   *** removed from Debug\stm8l15x_tim5.o ***
_TIM5_TIxExternalClockConfig          ********   *** removed from Debug\stm8l15x_tim5.o ***
_TIM5_TimeBaseInit                    ********   *** removed from Debug\stm8l15x_tim5.o ***
_TIM5_UpdateDisableConfig             ********   *** removed from Debug\stm8l15x_tim5.o ***
_TIM5_UpdateRequestConfig             ********   *** removed from Debug\stm8l15x_tim5.o ***
_USART_ClearFlag                      ********   *** removed from Debug\stm8l15x_usart.o ***
_USART_ClearITPendingBit              ********   *** removed from Debug\stm8l15x_usart.o ***
_USART_ClockInit                      ********   *** removed from Debug\stm8l15x_usart.o ***
_USART_Cmd                            ********   *** removed from Debug\stm8l15x_usart.o ***
_USART_DMACmd                         ********   *** removed from Debug\stm8l15x_usart.o ***
_USART_DeInit                         ********   *** removed from Debug\stm8l15x_usart.o ***
_USART_GetFlagStatus                  ********   *** removed from Debug\stm8l15x_usart.o ***
_USART_GetITStatus                    ********   *** removed from Debug\stm8l15x_usart.o ***
_USART_HalfDuplexCmd                  ********   *** removed from Debug\stm8l15x_usart.o ***
_USART_ITConfig                       ********   *** removed from Debug\stm8l15x_usart.o ***
_USART_Init                           ********   *** removed from Debug\stm8l15x_usart.o ***
_USART_IrDACmd                        ********   *** removed from Debug\stm8l15x_usart.o ***
_USART_IrDAConfig                     ********   *** removed from Debug\stm8l15x_usart.o ***
_USART_ReceiveData8                   ********   *** removed from Debug\stm8l15x_usart.o ***
_USART_ReceiveData9                   ********   *** removed from Debug\stm8l15x_usart.o ***
_USART_ReceiverWakeUpCmd              ********   *** removed from Debug\stm8l15x_usart.o ***
_USART_SendBreak                      ********   *** removed from Debug\stm8l15x_usart.o ***
_USART_SendData8                      ********   *** removed from Debug\stm8l15x_usart.o ***
_USART_SendData9                      ********   *** removed from Debug\stm8l15x_usart.o ***
_USART_SetAddress                     ********   *** removed from Debug\stm8l15x_usart.o ***
_USART_SetGuardTime                   ********   *** removed from Debug\stm8l15x_usart.o ***
_USART_SetPrescaler                   ********   *** removed from Debug\stm8l15x_usart.o ***
_USART_SmartCardCmd                   ********   *** removed from Debug\stm8l15x_usart.o ***
_USART_SmartCardNACKCmd               ********   *** removed from Debug\stm8l15x_usart.o ***
_USART_WakeUpConfig                   ********   *** removed from Debug\stm8l15x_usart.o ***
_WFE_DeInit                           ********   *** removed from Debug\stm8l15x_wfe.o ***
_WFE_GetWakeUpSourceEventStatus       ********   *** removed from Debug\stm8l15x_wfe.o ***
_WFE_WakeUpSourceEventCmd             ********   *** removed from Debug\stm8l15x_wfe.o ***
_WWDG_Enable                          ********   *** removed from Debug\stm8l15x_wwdg.o ***
_WWDG_GetCounter                      ********   *** removed from Debug\stm8l15x_wwdg.o ***
_WWDG_Init                            ********   *** removed from Debug\stm8l15x_wwdg.o ***
_WWDG_SWReset                         ********   *** removed from Debug\stm8l15x_wwdg.o ***
_WWDG_SetCounter                      ********   *** removed from Debug\stm8l15x_wwdg.o ***
_WWDG_SetWindowValue                  ********   *** removed from Debug\stm8l15x_wwdg.o ***
__endmem                              000005fe   defined in command file
                                                 *** not used ***
__endzp                               0000000a   defined in command file section .ubsct
                                                 used in d:\Program Files (x86)\COSMIC\CXSTM8_EVAL\lib\crtsi0.sm8
__idesc__                             00008099   defined in linker section .init
                                                 used in d:\Program Files (x86)\COSMIC\CXSTM8_EVAL\lib\crtsi0.sm8
__memory                              00000100   defined in command file section .bss
                                                 used in d:\Program Files (x86)\COSMIC\CXSTM8_EVAL\lib\crtsi0.sm8
__stack                               000007ff   defined in command file
                                                 used in d:\Program Files (x86)\COSMIC\CXSTM8_EVAL\lib\crtsi0.sm8
__startmem                            00000100   defined in command file section .bss
                                                 *** not used ***
__stext                               0000809c   defined in d:\Program Files (x86)\COSMIC\CXSTM8_EVAL\lib\crtsi0.sm8 section .text
                                                 used in Debug\stm8_interrupt_vector.o
__vectab                              00008000   defined in Debug\stm8_interrupt_vector.o section .const
_exit                                 000080e5   defined in d:\Program Files (x86)\COSMIC\CXSTM8_EVAL\lib\crtsi0.sm8 section .text
_main                                 000090ae   defined in Debug\main.o section .text
                                                 used in d:\Program Files (x86)\COSMIC\CXSTM8_EVAL\lib\crtsi0.sm8
_sw_DeInit                            000080e7   defined in Debug\sw.o section .text
_sw_Init                              000080eb   defined in Debug\sw.o section .text
_sw_QuickCmd                          0000811d   defined in Debug\sw.o section .text
                                                 used in Debug\main.o
_sw_ReadCurrent                       00008303   defined in Debug\sw.o section .text
_sw_ReadStatus                        0000845e   defined in Debug\sw.o section .text
_sw_ReadVoltCurr                      0000821c   defined in Debug\sw.o section .text
_sw_ReadVoltage                       000083b1   defined in Debug\sw.o section .text
_sw_WriteCmdByte                      0000815a   defined in Debug\sw.o section .text
_sw_WriteExtCmdByte                   000081af   defined in Debug\sw.o section .text
c_cmulx                               ********   *** removed from (d:\Program Files (x86)\COSMIC\CXSTM8_EVAL\lib\libm0.sm8)cmulx.o ***
c_divsl                               000092f0   defined in (d:\Program Files (x86)\COSMIC\CXSTM8_EVAL\lib\libm0.sm8)ldiv.o section .text
                                                 *** not used ***
c_divul                               00009307   defined in (d:\Program Files (x86)\COSMIC\CXSTM8_EVAL\lib\libm0.sm8)ldiv.o section .text
                                                 used in (d:\Program Files (x86)\COSMIC\CXSTM8_EVAL\lib\libm0.sm8)ludiv.o
c_fmul                                000090ba   defined in (d:\Program Files (x86)\COSMIC\CXSTM8_EVAL\lib\libm0.sm8)fmul.o section .text
                                                 used in Debug\sw.o
c_ftoi                                0000918f   defined in (d:\Program Files (x86)\COSMIC\CXSTM8_EVAL\lib\libm0.sm8)ftol.o section .text
                                                 used in Debug\sw.o
c_ftol                                00009195   defined in (d:\Program Files (x86)\COSMIC\CXSTM8_EVAL\lib\libm0.sm8)ftol.o section .text
c_imul                                ********   *** removed from (d:\Program Files (x86)\COSMIC\CXSTM8_EVAL\lib\libm0.sm8)imul.o ***
c_itof                                000091f1   defined in (d:\Program Files (x86)\COSMIC\CXSTM8_EVAL\lib\libm0.sm8)itof.o section .text
                                                 used in Debug\sw.o
c_ladd                                ********   *** removed from (d:\Program Files (x86)\COSMIC\CXSTM8_EVAL\lib\libm0.sm8)ladd.o ***
c_lcmp                                0000921f   defined in (d:\Program Files (x86)\COSMIC\CXSTM8_EVAL\lib\libm0.sm8)lcmp.o section .text
                                                 used in Debug\stm8l15x_i2c.o
c_lgadd                               ********   *** removed from (d:\Program Files (x86)\COSMIC\CXSTM8_EVAL\lib\libm0.sm8)lgadd.o ***
c_lgneg                               000093db   defined in (d:\Program Files (x86)\COSMIC\CXSTM8_EVAL\lib\libm0.sm8)lgneg.o section .text
                                                 used in (d:\Program Files (x86)\COSMIC\CXSTM8_EVAL\lib\libm0.sm8)ldiv.o
c_lmul                                0000923f   defined in (d:\Program Files (x86)\COSMIC\CXSTM8_EVAL\lib\libm0.sm8)lmul.o section .text
                                                 used in Debug\stm8l15x_i2c.o
c_lmulc                               00009247   defined in (d:\Program Files (x86)\COSMIC\CXSTM8_EVAL\lib\libm0.sm8)lmul.o section .text
                                                 *** not used ***
c_lneg                                000093ee   defined in (d:\Program Files (x86)\COSMIC\CXSTM8_EVAL\lib\libm0.sm8)lneg.o section .text
                                                 used in (d:\Program Files (x86)\COSMIC\CXSTM8_EVAL\lib\libm0.sm8)ldiv.o
c_lreg                                00000000   defined in (d:\Program Files (x86)\COSMIC\CXSTM8_EVAL\lib\libm0.sm8)lreg.o section .ubsct
                                                 used in Debug\i2c.o
                                                         Debug\stm8l15x_usart.o
                                                         Debug\stm8l15x_i2c.o
                                                         Debug\stm8l15x_flash.o
                                                         Debug\stm8l15x_clk.o
                                                         Debug\stm8l15x_beep.o
                                                         (d:\Program Files (x86)\COSMIC\CXSTM8_EVAL\lib\libm0.sm8)cmulx.o
                                                         (d:\Program Files (x86)\COSMIC\CXSTM8_EVAL\lib\libm0.sm8)fmul.o
                                                         (d:\Program Files (x86)\COSMIC\CXSTM8_EVAL\lib\libm0.sm8)ftol.o
                                                         (d:\Program Files (x86)\COSMIC\CXSTM8_EVAL\lib\libm0.sm8)itof.o
                                                         (d:\Program Files (x86)\COSMIC\CXSTM8_EVAL\lib\libm0.sm8)ladd.o
                                                         (d:\Program Files (x86)\COSMIC\CXSTM8_EVAL\lib\libm0.sm8)lcmp.o
                                                         (d:\Program Files (x86)\COSMIC\CXSTM8_EVAL\lib\libm0.sm8)lgadd.o
                                                         (d:\Program Files (x86)\COSMIC\CXSTM8_EVAL\lib\libm0.sm8)lmul.o
                                                         (d:\Program Files (x86)\COSMIC\CXSTM8_EVAL\lib\libm0.sm8)ltor.o
                                                         (d:\Program Files (x86)\COSMIC\CXSTM8_EVAL\lib\libm0.sm8)ldiv.o
                                                         (d:\Program Files (x86)\COSMIC\CXSTM8_EVAL\lib\libm0.sm8)lneg.o
                                                         (d:\Program Files (x86)\COSMIC\CXSTM8_EVAL\lib\libm0.sm8)lursh.o
                                                         (d:\Program Files (x86)\COSMIC\CXSTM8_EVAL\lib\libm0.sm8)rtol.o
                                                         (d:\Program Files (x86)\COSMIC\CXSTM8_EVAL\lib\libm0.sm8)smul.o
                                                         (d:\Program Files (x86)\COSMIC\CXSTM8_EVAL\lib\libm0.sm8)utol.o
                                                         (d:\Program Files (x86)\COSMIC\CXSTM8_EVAL\lib\libm0.sm8)utolx.o
c_ltor                                000092ca   defined in (d:\Program Files (x86)\COSMIC\CXSTM8_EVAL\lib\libm0.sm8)ltor.o section .text
                                                 used in Debug\stm8l15x_usart.o
                                                         Debug\stm8l15x_i2c.o
                                                         Debug\stm8l15x_clk.o
                                                         Debug\stm8l15x_beep.o
c_ludv                                000092dc   defined in (d:\Program Files (x86)\COSMIC\CXSTM8_EVAL\lib\libm0.sm8)ludiv.o section .text
                                                 used in Debug\stm8l15x_usart.o
                                                         Debug\stm8l15x_i2c.o
                                                         Debug\stm8l15x_clk.o
                                                         Debug\stm8l15x_beep.o
c_lursh                               ********   *** removed from (d:\Program Files (x86)\COSMIC\CXSTM8_EVAL\lib\libm0.sm8)lursh.o ***
c_lzmp                                00009403   defined in (d:\Program Files (x86)\COSMIC\CXSTM8_EVAL\lib\libm0.sm8)lzmp.o section .text
                                                 used in Debug\stm8l15x_i2c.o
c_okmul                               000090c8   defined in (d:\Program Files (x86)\COSMIC\CXSTM8_EVAL\lib\libm0.sm8)fmul.o section .text
                                                 *** not used ***
c_rtol                                00009416   defined in (d:\Program Files (x86)\COSMIC\CXSTM8_EVAL\lib\libm0.sm8)rtol.o section .text
                                                 used in Debug\stm8l15x_usart.o
                                                         Debug\stm8l15x_i2c.o
                                                         Debug\stm8l15x_clk.o
c_sdivx                               0000942e   defined in (d:\Program Files (x86)\COSMIC\CXSTM8_EVAL\lib\libm0.sm8)sdivx.o section .text
                                                 used in Debug\stm8l15x_i2c.o
c_smodx                               00009428   defined in (d:\Program Files (x86)\COSMIC\CXSTM8_EVAL\lib\libm0.sm8)sdivx.o section .text
                                                 *** not used ***
c_smul                                00009453   defined in (d:\Program Files (x86)\COSMIC\CXSTM8_EVAL\lib\libm0.sm8)smul.o section .text
                                                 used in Debug\stm8l15x_i2c.o
c_uitol                               00009492   defined in (d:\Program Files (x86)\COSMIC\CXSTM8_EVAL\lib\libm0.sm8)utol.o section .text
                                                 used in Debug\stm8l15x_i2c.o
c_uitolx                              0000949d   defined in (d:\Program Files (x86)\COSMIC\CXSTM8_EVAL\lib\libm0.sm8)utolx.o section .text
                                                 used in Debug\i2c.o
c_x                                   00000004   defined in (d:\Program Files (x86)\COSMIC\CXSTM8_EVAL\lib\libm0.sm8)xreg.o section .ubsct
                                                 used in d:\Program Files (x86)\COSMIC\CXSTM8_EVAL\lib\crtsi0.sm8
                                                         Debug\stm8l15x_beep.o
                                                         (d:\Program Files (x86)\COSMIC\CXSTM8_EVAL\lib\libm0.sm8)fmul.o
                                                         (d:\Program Files (x86)\COSMIC\CXSTM8_EVAL\lib\libm0.sm8)imul.o
                                                         (d:\Program Files (x86)\COSMIC\CXSTM8_EVAL\lib\libm0.sm8)lmul.o
                                                         (d:\Program Files (x86)\COSMIC\CXSTM8_EVAL\lib\libm0.sm8)ldiv.o
                                                         (d:\Program Files (x86)\COSMIC\CXSTM8_EVAL\lib\libm0.sm8)sdivx.o
c_y                                   00000007   defined in (d:\Program Files (x86)\COSMIC\CXSTM8_EVAL\lib\libm0.sm8)yreg.o section .ubsct
                                                 used in d:\Program Files (x86)\COSMIC\CXSTM8_EVAL\lib\crtsi0.sm8
f_NonHandledInterrupt                 000094a4   defined in Debug\stm8_interrupt_vector.o section .text
